// Jest Snapshot v1, https://goo.gl/fbAQLP

exports[`should verify AuthorInfo Component snapshot 1`] = `
.c1 .gatsby-image-wrapper {
  object-fit: cover;
  width: 3.2rem;
  height: 3.2rem;
  border-radius: 1.6rem;
}

.c0 {
  display: -webkit-box;
  display: -webkit-flex;
  display: -ms-flexbox;
  display: flex;
  -webkit-align-items: center;
  -webkit-box-align: center;
  -ms-flex-align: center;
  align-items: center;
}

.c0 p {
  margin: 0 0 0 1.4rem;
  font-size: 1.6rem;
  line-height: 1.38;
  color: var(--fiord);
}

.c0 img {
  margin-right: 1rem;
}

@media (min-width:768px) {
  .c1 .gatsby-image-wrapper {
    width: 4rem;
    height: 4rem;
    border-radius: 2rem;
  }
}

@media (min-width:768px) {
  .c0 img {
    margin-right: 1.4rem;
  }
}

<div
  className="c0"
>
  <div
    className="c1"
  >
    <div
      className=" gatsby-image-wrapper"
      style={
        Object {
          "maxHeight": null,
          "maxWidth": null,
          "overflow": "hidden",
          "position": "relative",
        }
      }
    >
      <div
        aria-hidden={true}
        style={
          Object {
            "paddingBottom": "100%",
            "width": "100%",
          }
        }
      />
      <picture>
        <source
          sizes="(max-width: 40px) 100vw, 40px"
          srcSet="test-file-stub"
        />
        <img
          alt="Mock name"
          loading="lazy"
          onLoad={[Function]}
          sizes="(max-width: 40px) 100vw, 40px"
          src="test-file-stub"
          srcSet="test-file-stub"
          style={
            Object {
              "height": "100%",
              "left": 0,
              "objectFit": "cover",
              "objectPosition": "center",
              "opacity": 0,
              "position": "absolute",
              "top": 0,
              "transition": "opacity 500ms",
              "width": "100%",
            }
          }
        />
      </picture>
      <noscript
        dangerouslySetInnerHTML={
          Object {
            "__html": "<picture><source srcset=\\"test-file-stub\\" sizes=\\"(max-width: 40px) 100vw, 40px\\" /><img loading=\\"lazy\\" sizes=\\"(max-width: 40px) 100vw, 40px\\" srcset=\\"test-file-stub\\" src=\\"test-file-stub\\" alt=\\"Mock name\\" style=\\"position:absolute;top:0;left:0;opacity:1;width:100%;height:100%;object-fit:cover;object-position:center\\"/></picture>",
          }
        }
      />
    </div>
  </div>
  <p
    data-testid="author-name"
  >
    Mock name
  </p>
</div>
`;
